z:\developments\directx11\directx11_yoshily9_vsc\build\imgui\debug\imgui.pdb
z:\developments\directx11\directx11_yoshily9_vsc\build\imgui\cmakefiles\generate.stamp
z:\developments\directx11\directx11_yoshily9_vsc\build\imgui\imgui.dir\debug\imgui.obj
z:\developments\directx11\directx11_yoshily9_vsc\build\imgui\imgui.dir\debug\imgui_demo.obj
z:\developments\directx11\directx11_yoshily9_vsc\build\imgui\imgui.dir\debug\imgui_draw.obj
z:\developments\directx11\directx11_yoshily9_vsc\build\imgui\imgui.dir\debug\imgui_impl_dx11.obj
z:\developments\directx11\directx11_yoshily9_vsc\build\imgui\imgui.dir\debug\imgui_impl_win32.obj
z:\developments\directx11\directx11_yoshily9_vsc\build\imgui\imgui.dir\debug\imgui_tables.obj
z:\developments\directx11\directx11_yoshily9_vsc\build\imgui\imgui.dir\debug\imgui_widgets.obj
z:\developments\directx11\directx11_yoshily9_vsc\build\imgui\debug\imgui.lib
z:\developments\directx11\directx11_yoshily9_vsc\build\imgui\imgui.dir\debug\imgui.tlog\cl.command.1.tlog
z:\developments\directx11\directx11_yoshily9_vsc\build\imgui\imgui.dir\debug\imgui.tlog\cl.items.tlog
z:\developments\directx11\directx11_yoshily9_vsc\build\imgui\imgui.dir\debug\imgui.tlog\cl.read.1.tlog
z:\developments\directx11\directx11_yoshily9_vsc\build\imgui\imgui.dir\debug\imgui.tlog\cl.write.1.tlog
z:\developments\directx11\directx11_yoshily9_vsc\build\imgui\imgui.dir\debug\imgui.tlog\custombuild.command.1.tlog
z:\developments\directx11\directx11_yoshily9_vsc\build\imgui\imgui.dir\debug\imgui.tlog\custombuild.read.1.tlog
z:\developments\directx11\directx11_yoshily9_vsc\build\imgui\imgui.dir\debug\imgui.tlog\custombuild.write.1.tlog
z:\developments\directx11\directx11_yoshily9_vsc\build\imgui\imgui.dir\debug\imgui.tlog\lib-link.read.1.tlog
z:\developments\directx11\directx11_yoshily9_vsc\build\imgui\imgui.dir\debug\imgui.tlog\lib-link.write.1.tlog
z:\developments\directx11\directx11_yoshily9_vsc\build\imgui\imgui.dir\debug\imgui.tlog\lib.command.1.tlog
